// Jest Snapshot v1, https://goo.gl/fbAQLP

exports[`renders welcome message 1`] = `
<h1>
  Página não encontrada.
</h1>
`;
